// Jest Snapshot v1, https://goo.gl/fbAQLP

exports[`Master Tweet Snapshot testing ... 1`] = `
Object {
  "asFragment": [Function],
  "baseElement": @keyframes animation-0 {
  0% {
    -webkit-transform: rotate(0deg);
    -moz-transform: rotate(0deg);
    -ms-transform: rotate(0deg);
    transform: rotate(0deg);
  }

  100% {
    -webkit-transform: rotate(360deg);
    -moz-transform: rotate(360deg);
    -ms-transform: rotate(360deg);
    transform: rotate(360deg);
  }
}

@keyframes animation-1 {
  0% {
    stroke-dasharray: 1px,200px;
    stroke-dashoffset: 0;
  }

  50% {
    stroke-dasharray: 100px,200px;
    stroke-dashoffset: -15px;
  }

  100% {
    stroke-dasharray: 100px,200px;
    stroke-dashoffset: -125px;
  }
}

.css-0 {
  margin-bottom: 7rem;
}

.css-1 {
  display: -webkit-box;
  display: -webkit-flex;
  display: -ms-flexbox;
  display: flex;
  -webkit-box-pack: center;
  -ms-flex-pack: center;
  -webkit-justify-content: center;
  justify-content: center;
}

.css-2 {
  display: inline-block;
  color: #1976d2;
  -webkit-animation: animation-0 1.4s linear infinite;
  animation: animation-0 1.4s linear infinite;
}

.css-3 {
  display: block;
}

.css-4 {
  stroke: currentColor;
  stroke-dasharray: 80px,200px;
  stroke-dashoffset: 0;
  -webkit-animation: animation-1 1.4s ease-in-out infinite;
  animation: animation-1 1.4s ease-in-out infinite;
}

<body>
    <div>
      <div
        class="css-0"
      >
        <div
          class="MuiBox-root css-1"
        >
          <span
            class="MuiCircularProgress-root MuiCircularProgress-indeterminate MuiCircularProgress-colorPrimary css-2"
            role="progressbar"
            style="width: 30px; height: 30px;"
          >
            <svg
              class="MuiCircularProgress-svg css-3"
              viewBox="22 22 44 44"
            >
              <circle
                class="MuiCircularProgress-circle MuiCircularProgress-circleIndeterminate css-4"
                cx="44"
                cy="44"
                fill="none"
                r="20.2"
                stroke-width="3.6"
              />
            </svg>
          </span>
        </div>
      </div>
    </div>
  </body>,
  "container": @keyframes animation-0 {
  0% {
    -webkit-transform: rotate(0deg);
    -moz-transform: rotate(0deg);
    -ms-transform: rotate(0deg);
    transform: rotate(0deg);
  }

  100% {
    -webkit-transform: rotate(360deg);
    -moz-transform: rotate(360deg);
    -ms-transform: rotate(360deg);
    transform: rotate(360deg);
  }
}

@keyframes animation-1 {
  0% {
    stroke-dasharray: 1px,200px;
    stroke-dashoffset: 0;
  }

  50% {
    stroke-dasharray: 100px,200px;
    stroke-dashoffset: -15px;
  }

  100% {
    stroke-dasharray: 100px,200px;
    stroke-dashoffset: -125px;
  }
}

.css-0 {
  margin-bottom: 7rem;
}

.css-1 {
  display: -webkit-box;
  display: -webkit-flex;
  display: -ms-flexbox;
  display: flex;
  -webkit-box-pack: center;
  -ms-flex-pack: center;
  -webkit-justify-content: center;
  justify-content: center;
}

.css-2 {
  display: inline-block;
  color: #1976d2;
  -webkit-animation: animation-0 1.4s linear infinite;
  animation: animation-0 1.4s linear infinite;
}

.css-3 {
  display: block;
}

.css-4 {
  stroke: currentColor;
  stroke-dasharray: 80px,200px;
  stroke-dashoffset: 0;
  -webkit-animation: animation-1 1.4s ease-in-out infinite;
  animation: animation-1 1.4s ease-in-out infinite;
}

<div>
    <div
      class="css-0"
    >
      <div
        class="MuiBox-root css-1"
      >
        <span
          class="MuiCircularProgress-root MuiCircularProgress-indeterminate MuiCircularProgress-colorPrimary css-2"
          role="progressbar"
          style="width: 30px; height: 30px;"
        >
          <svg
            class="MuiCircularProgress-svg css-3"
            viewBox="22 22 44 44"
          >
            <circle
              class="MuiCircularProgress-circle MuiCircularProgress-circleIndeterminate css-4"
              cx="44"
              cy="44"
              fill="none"
              r="20.2"
              stroke-width="3.6"
            />
          </svg>
        </span>
      </div>
    </div>
  </div>,
  "debug": [Function],
  "findAllByAltText": [Function],
  "findAllByDisplayValue": [Function],
  "findAllByLabelText": [Function],
  "findAllByPlaceholderText": [Function],
  "findAllByRole": [Function],
  "findAllByTestId": [Function],
  "findAllByText": [Function],
  "findAllByTitle": [Function],
  "findByAltText": [Function],
  "findByDisplayValue": [Function],
  "findByLabelText": [Function],
  "findByPlaceholderText": [Function],
  "findByRole": [Function],
  "findByTestId": [Function],
  "findByText": [Function],
  "findByTitle": [Function],
  "getAllByAltText": [Function],
  "getAllByDisplayValue": [Function],
  "getAllByLabelText": [Function],
  "getAllByPlaceholderText": [Function],
  "getAllByRole": [Function],
  "getAllByTestId": [Function],
  "getAllByText": [Function],
  "getAllByTitle": [Function],
  "getByAltText": [Function],
  "getByDisplayValue": [Function],
  "getByLabelText": [Function],
  "getByPlaceholderText": [Function],
  "getByRole": [Function],
  "getByTestId": [Function],
  "getByText": [Function],
  "getByTitle": [Function],
  "queryAllByAltText": [Function],
  "queryAllByDisplayValue": [Function],
  "queryAllByLabelText": [Function],
  "queryAllByPlaceholderText": [Function],
  "queryAllByRole": [Function],
  "queryAllByTestId": [Function],
  "queryAllByText": [Function],
  "queryAllByTitle": [Function],
  "queryByAltText": [Function],
  "queryByDisplayValue": [Function],
  "queryByLabelText": [Function],
  "queryByPlaceholderText": [Function],
  "queryByRole": [Function],
  "queryByTestId": [Function],
  "queryByText": [Function],
  "queryByTitle": [Function],
  "rerender": [Function],
  "unmount": [Function],
}
`;
