// Jest Snapshot v1, https://goo.gl/fbAQLP

exports[`<DeleteComponent/>:  renders correctly when User have profile 1`] = `
Object {
  "asFragment": [Function],
  "baseElement": <body>
    <div>
      <svg
        class="css-1csj31"
        loading=""
        viewBox="0 0 24 24"
      >
        <g>
          <path
            d="M20.746 5.236h-3.75V4.25c0-1.24-1.01-2.25-2.25-2.25h-5.5c-1.24 0-2.25 1.01-2.25 2.25v.986h-3.75c-.414 0-.75.336-.75.75s.336.75.75.75h.368l1.583 13.262c.216 1.193 1.31 2.027 2.658 2.027h8.282c1.35 0 2.442-.834 2.664-2.072l1.577-13.217h.368c.414 0 .75-.336.75-.75s-.335-.75-.75-.75zM8.496 4.25c0-.413.337-.75.75-.75h5.5c.413 0 .75.337.75.75v.986h-7V4.25zm8.822 15.48c-.1.55-.664.795-1.18.795H7.854c-.517 0-1.083-.246-1.175-.75L5.126 6.735h13.74L17.32 19.732z"
          />
          <path
            d="M10 17.75c.414 0 .75-.336.75-.75v-7c0-.414-.336-.75-.75-.75s-.75.336-.75.75v7c0 .414.336.75.75.75zm4 0c.414 0 .75-.336.75-.75v-7c0-.414-.336-.75-.75-.75s-.75.336-.75.75v7c0 .414.336.75.75.75z"
          />
        </g>
      </svg>
    </div>
  </body>,
  "container": <div>
    <svg
      class="css-1csj31"
      loading=""
      viewBox="0 0 24 24"
    >
      <g>
        <path
          d="M20.746 5.236h-3.75V4.25c0-1.24-1.01-2.25-2.25-2.25h-5.5c-1.24 0-2.25 1.01-2.25 2.25v.986h-3.75c-.414 0-.75.336-.75.75s.336.75.75.75h.368l1.583 13.262c.216 1.193 1.31 2.027 2.658 2.027h8.282c1.35 0 2.442-.834 2.664-2.072l1.577-13.217h.368c.414 0 .75-.336.75-.75s-.335-.75-.75-.75zM8.496 4.25c0-.413.337-.75.75-.75h5.5c.413 0 .75.337.75.75v.986h-7V4.25zm8.822 15.48c-.1.55-.664.795-1.18.795H7.854c-.517 0-1.083-.246-1.175-.75L5.126 6.735h13.74L17.32 19.732z"
        />
        <path
          d="M10 17.75c.414 0 .75-.336.75-.75v-7c0-.414-.336-.75-.75-.75s-.75.336-.75.75v7c0 .414.336.75.75.75zm4 0c.414 0 .75-.336.75-.75v-7c0-.414-.336-.75-.75-.75s-.75.336-.75.75v7c0 .414.336.75.75.75z"
        />
      </g>
    </svg>
  </div>,
  "debug": [Function],
  "findAllByAltText": [Function],
  "findAllByDisplayValue": [Function],
  "findAllByLabelText": [Function],
  "findAllByPlaceholderText": [Function],
  "findAllByRole": [Function],
  "findAllByTestId": [Function],
  "findAllByText": [Function],
  "findAllByTitle": [Function],
  "findByAltText": [Function],
  "findByDisplayValue": [Function],
  "findByLabelText": [Function],
  "findByPlaceholderText": [Function],
  "findByRole": [Function],
  "findByTestId": [Function],
  "findByText": [Function],
  "findByTitle": [Function],
  "getAllByAltText": [Function],
  "getAllByDisplayValue": [Function],
  "getAllByLabelText": [Function],
  "getAllByPlaceholderText": [Function],
  "getAllByRole": [Function],
  "getAllByTestId": [Function],
  "getAllByText": [Function],
  "getAllByTitle": [Function],
  "getByAltText": [Function],
  "getByDisplayValue": [Function],
  "getByLabelText": [Function],
  "getByPlaceholderText": [Function],
  "getByRole": [Function],
  "getByTestId": [Function],
  "getByText": [Function],
  "getByTitle": [Function],
  "queryAllByAltText": [Function],
  "queryAllByDisplayValue": [Function],
  "queryAllByLabelText": [Function],
  "queryAllByPlaceholderText": [Function],
  "queryAllByRole": [Function],
  "queryAllByTestId": [Function],
  "queryAllByText": [Function],
  "queryAllByTitle": [Function],
  "queryByAltText": [Function],
  "queryByDisplayValue": [Function],
  "queryByLabelText": [Function],
  "queryByPlaceholderText": [Function],
  "queryByRole": [Function],
  "queryByTestId": [Function],
  "queryByText": [Function],
  "queryByTitle": [Function],
  "rerender": [Function],
  "unmount": [Function],
}
`;
