// Jest Snapshot v1, https://goo.gl/fbAQLP

exports[`Search Input: display <SearchInput/> component when users undefined 1`] = `
Object {
  "asFragment": [Function],
  "baseElement": <body>
    <div>
      <div
        class="css-1n1p729"
      >
        <form>
          <input
            placeholder="Search by tags, tweets, people"
            type="text"
            value=""
          />
        </form>
      </div>
      <div
        class="css-1mw65dx"
      >
        <div
          class="tabs"
        >
          <span
            class="active"
          >
            Tweets
          </span>
          <span
            class=""
          >
            Tags
          </span>
          <span
            class=""
          >
            Users
          </span>
        </div>
        <div
          class="css-15inajd"
        >
          <p>
            Use the search bar to find tags, people and tweets
          </p>
        </div>
      </div>
    </div>
  </body>,
  "container": <div>
    <div
      class="css-1n1p729"
    >
      <form>
        <input
          placeholder="Search by tags, tweets, people"
          type="text"
          value=""
        />
      </form>
    </div>
    <div
      class="css-1mw65dx"
    >
      <div
        class="tabs"
      >
        <span
          class="active"
        >
          Tweets
        </span>
        <span
          class=""
        >
          Tags
        </span>
        <span
          class=""
        >
          Users
        </span>
      </div>
      <div
        class="css-15inajd"
      >
        <p>
          Use the search bar to find tags, people and tweets
        </p>
      </div>
    </div>
  </div>,
  "debug": [Function],
  "findAllByAltText": [Function],
  "findAllByDisplayValue": [Function],
  "findAllByLabelText": [Function],
  "findAllByPlaceholderText": [Function],
  "findAllByRole": [Function],
  "findAllByTestId": [Function],
  "findAllByText": [Function],
  "findAllByTitle": [Function],
  "findByAltText": [Function],
  "findByDisplayValue": [Function],
  "findByLabelText": [Function],
  "findByPlaceholderText": [Function],
  "findByRole": [Function],
  "findByTestId": [Function],
  "findByText": [Function],
  "findByTitle": [Function],
  "getAllByAltText": [Function],
  "getAllByDisplayValue": [Function],
  "getAllByLabelText": [Function],
  "getAllByPlaceholderText": [Function],
  "getAllByRole": [Function],
  "getAllByTestId": [Function],
  "getAllByText": [Function],
  "getAllByTitle": [Function],
  "getByAltText": [Function],
  "getByDisplayValue": [Function],
  "getByLabelText": [Function],
  "getByPlaceholderText": [Function],
  "getByRole": [Function],
  "getByTestId": [Function],
  "getByText": [Function],
  "getByTitle": [Function],
  "queryAllByAltText": [Function],
  "queryAllByDisplayValue": [Function],
  "queryAllByLabelText": [Function],
  "queryAllByPlaceholderText": [Function],
  "queryAllByRole": [Function],
  "queryAllByTestId": [Function],
  "queryAllByText": [Function],
  "queryAllByTitle": [Function],
  "queryByAltText": [Function],
  "queryByDisplayValue": [Function],
  "queryByLabelText": [Function],
  "queryByPlaceholderText": [Function],
  "queryByRole": [Function],
  "queryByTestId": [Function],
  "queryByText": [Function],
  "queryByTitle": [Function],
  "rerender": [Function],
  "unmount": [Function],
}
`;
