// Jest Snapshot v1, https://goo.gl/fbAQLP

exports[`<ConsumerCArd/> component : display <ConsumerCArd/> component  1`] = `
Object {
  "asFragment": [Function],
  "baseElement": .css-14 {
  background-color: #fff;
  color: rgba(0, 0, 0, 0.87);
  -webkit-transition: box-shadow 300ms cubic-bezier(0.4, 0, 0.2, 1) 0ms;
  transition: box-shadow 300ms cubic-bezier(0.4, 0, 0.2, 1) 0ms;
  border-radius: 4px;
  box-shadow: 0px 2px 1px -1px rgba(0,0,0,0.2),0px 1px 1px 0px rgba(0,0,0,0.14),0px 1px 3px 0px rgba(0,0,0,0.12);
  overflow: hidden;
  max-width: 345px;
  height: 100%;
}

.css-14 .MuiButtonBase-root {
  display: block;
}

.css-1 {
  display: -webkit-inline-box;
  display: -webkit-inline-flex;
  display: -ms-inline-flexbox;
  display: inline-flex;
  -webkit-align-items: center;
  -webkit-box-align: center;
  -ms-flex-align: center;
  align-items: center;
  -webkit-box-pack: center;
  -ms-flex-pack: center;
  -webkit-justify-content: center;
  justify-content: center;
  position: relative;
  box-sizing: border-box;
  -webkit-tap-highlight-color: transparent;
  background-color: transparent;
  outline: 0;
  border: 0;
  margin: 0;
  border-radius: 0;
  padding: 0;
  cursor: pointer;
  -webkit-user-select: none;
  -moz-user-select: none;
  -ms-user-select: none;
  user-select: none;
  vertical-align: middle;
  -moz-appearance: none;
  -webkit-appearance: none;
  -webkit-text-decoration: none;
  text-decoration: none;
  color: inherit;
  display: block;
  text-align: inherit;
  width: 100%;
}

.css-1::-moz-focus-inner {
  border-style: none;
}

.css-1.Mui-disabled {
  pointer-events: none;
  cursor: default;
}

@media print {
  .css-1 {
    -webkit-print-color-adjust: exact;
    color-adjust: exact;
  }
}

.css-1:hover .MuiCardActionArea-focusHighlight {
  opacity: 0.04;
}

@media (hover: none) {
  .css-1:hover .MuiCardActionArea-focusHighlight {
    opacity: 0;
  }
}

.css-1.Mui-focusVisible .MuiCardActionArea-focusHighlight {
  opacity: 0.12;
}

.css-2 {
  display: block;
  -webkit-background-size: cover;
  background-size: cover;
  background-repeat: no-repeat;
  -webkit-background-position: center;
  background-position: center;
  width: 100%;
  object-fit: cover;
}

.css-3 {
  padding: 16px;
}

.css-3:last-child {
  padding-bottom: 24px;
}

.css-4 {
  display: -webkit-box;
  display: -webkit-flex;
  display: -ms-flexbox;
  display: flex;
  -webkit-flex-direction: row;
  -ms-flex-direction: row;
  flex-direction: row;
  margin-bottom: 16px;
}

.css-4>:not(style)+:not(style) {
  margin: 0;
  margin-left: 16px;
}

.css-5 {
  position: relative;
  display: -webkit-box;
  display: -webkit-flex;
  display: -ms-flexbox;
  display: flex;
  -webkit-align-items: center;
  -webkit-box-align: center;
  -ms-flex-align: center;
  align-items: center;
  -webkit-box-pack: center;
  -ms-flex-pack: center;
  -webkit-justify-content: center;
  justify-content: center;
  -webkit-flex-shrink: 0;
  -ms-flex-negative: 0;
  flex-shrink: 0;
  width: 40px;
  height: 40px;
  font-family: "Roboto","Helvetica","Arial",sans-serif;
  font-size: 1.25rem;
  line-height: 1;
  border-radius: 50%;
  overflow: hidden;
  -webkit-user-select: none;
  -moz-user-select: none;
  -ms-user-select: none;
  user-select: none;
  color: #fff;
  background-color: #bdbdbd;
}

.css-6 {
  -webkit-user-select: none;
  -moz-user-select: none;
  -ms-user-select: none;
  user-select: none;
  width: 1em;
  height: 1em;
  display: inline-block;
  fill: currentColor;
  -webkit-flex-shrink: 0;
  -ms-flex-negative: 0;
  flex-shrink: 0;
  -webkit-transition: fill 200ms cubic-bezier(0.4, 0, 0.2, 1) 0ms;
  transition: fill 200ms cubic-bezier(0.4, 0, 0.2, 1) 0ms;
  font-size: 1.5rem;
  width: 75%;
  height: 75%;
}

.css-7 {
  display: -webkit-box;
  display: -webkit-flex;
  display: -ms-flexbox;
  display: flex;
  -webkit-flex-direction: column;
  -ms-flex-direction: column;
  flex-direction: column;
}

.css-8 {
  margin: 0;
  font-family: "Roboto","Helvetica","Arial",sans-serif;
  font-weight: 400;
  font-size: 1rem;
  line-height: 1.5;
  letter-spacing: 0.00938em;
  margin-top: -5.6px;
}

.css-9 {
  margin: 0;
  font-family: "Roboto","Helvetica","Arial",sans-serif;
  font-weight: 400;
  font-size: 0.875rem;
  line-height: 1.43;
  letter-spacing: 0.01071em;
}

.css-10 {
  margin: 0;
  font-family: "Roboto","Helvetica","Arial",sans-serif;
  font-weight: 400;
  font-size: 0.875rem;
  line-height: 1.43;
  letter-spacing: 0.01071em;
}

.css-11 {
  overflow: hidden;
  pointer-events: none;
  position: absolute;
  top: 0;
  right: 0;
  bottom: 0;
  left: 0;
  border-radius: inherit;
  opacity: 0;
  background-color: currentcolor;
  -webkit-transition: opacity 250ms cubic-bezier(0.4, 0, 0.2, 1) 0ms;
  transition: opacity 250ms cubic-bezier(0.4, 0, 0.2, 1) 0ms;
}

.css-12 {
  overflow: hidden;
  pointer-events: none;
  position: absolute;
  z-index: 0;
  top: 0;
  right: 0;
  bottom: 0;
  left: 0;
  border-radius: inherit;
}

.css-13 {
  display: -webkit-box;
  display: -webkit-flex;
  display: -ms-flexbox;
  display: flex;
  -webkit-align-items: center;
  -webkit-box-align: center;
  -ms-flex-align: center;
  align-items: center;
  padding: 8px;
}

.css-13>:not(:first-of-type) {
  margin-left: 8px;
}

.css-15 {
  margin: 0;
  color: #1976d2;
  -webkit-text-decoration: underline;
  text-decoration: underline;
  text-decoration-color: rgba(25, 118, 210, 0.4);
  cursor: pointer;
}

.css-15:hover {
  text-decoration-color: inherit;
}

.css-16 {
  -webkit-user-select: none;
  -moz-user-select: none;
  -ms-user-select: none;
  user-select: none;
  width: 1em;
  height: 1em;
  display: inline-block;
  fill: currentColor;
  -webkit-flex-shrink: 0;
  -ms-flex-negative: 0;
  flex-shrink: 0;
  -webkit-transition: fill 200ms cubic-bezier(0.4, 0, 0.2, 1) 0ms;
  transition: fill 200ms cubic-bezier(0.4, 0, 0.2, 1) 0ms;
  font-size: 1.5rem;
}

<body>
    <div>
      <div
        class="MuiPaper-root MuiPaper-elevation MuiPaper-rounded MuiPaper-elevation1 MuiCard-root css-14"
      >
        <button
          class="MuiButtonBase-root MuiCardActionArea-root css-1"
          tabindex="0"
          type="button"
        >
          <img
            alt="shy-cloud-4965 cover photo"
            class="MuiCardMedia-root MuiCardMedia-media MuiCardMedia-img css-2"
            height="80"
            src="https://my.sosol.app/default-cover.png"
          />
          <div
            class="MuiCardContent-root css-3"
          >
            <div
              class="css-4"
            >
              <div
                class="MuiAvatar-root MuiAvatar-circular MuiAvatar-colorDefault css-5"
              >
                <svg
                  aria-hidden="true"
                  class="MuiSvgIcon-root MuiSvgIcon-fontSizeMedium MuiAvatar-fallback css-6"
                  data-testid="PersonIcon"
                  focusable="false"
                  viewBox="0 0 24 24"
                >
                  <path
                    d="M12 12c2.21 0 4-1.79 4-4s-1.79-4-4-4-4 1.79-4 4 1.79 4 4 4zm0 2c-2.67 0-8 1.34-8 4v2h16v-2c0-2.66-5.33-4-8-4z"
                  />
                </svg>
              </div>
              <div
                class="css-7"
              >
                <div
                  class="MuiTypography-root MuiTypography-body1 css-8"
                  nowrap="true"
                >
                  shy-cloud-4965
                </div>
                <div
                  class="MuiTypography-root MuiTypography-body2 css-9"
                  nowrap="true"
                >
                  @
                  shy-cloud-4965
                </div>
              </div>
            </div>
            <p
              class="MuiTypography-root MuiTypography-body2 css-10"
            >
              full stack developer
            </p>
          </div>
          <span
            class="MuiCardActionArea-focusHighlight css-11"
          />
          <span
            class="MuiTouchRipple-root css-12"
          />
        </button>
        <div
          class="MuiCardActions-root MuiCardActions-spacing css-13"
        >
          <div
            class="MuiBox-root css-14"
          >
            <a
              class="MuiTypography-root MuiTypography-inherit MuiLink-root MuiLink-underlineAlways css-15"
            >
              <svg
                aria-hidden="true"
                class="MuiSvgIcon-root MuiSvgIcon-fontSizeMedium css-16"
                data-testid="PersonAddIcon"
                focusable="false"
                viewBox="0 0 24 24"
              >
                <path
                  d="M15 12c2.21 0 4-1.79 4-4s-1.79-4-4-4-4 1.79-4 4 1.79 4 4 4zm-9-2V7H4v3H1v2h3v3h2v-3h3v-2H6zm9 4c-2.67 0-8 1.34-8 4v2h16v-2c0-2.66-5.33-4-8-4z"
                />
              </svg>
            </a>
          </div>
        </div>
      </div>
    </div>
  </body>,
  "container": .css-14 {
  background-color: #fff;
  color: rgba(0, 0, 0, 0.87);
  -webkit-transition: box-shadow 300ms cubic-bezier(0.4, 0, 0.2, 1) 0ms;
  transition: box-shadow 300ms cubic-bezier(0.4, 0, 0.2, 1) 0ms;
  border-radius: 4px;
  box-shadow: 0px 2px 1px -1px rgba(0,0,0,0.2),0px 1px 1px 0px rgba(0,0,0,0.14),0px 1px 3px 0px rgba(0,0,0,0.12);
  overflow: hidden;
  max-width: 345px;
  height: 100%;
}

.css-14 .MuiButtonBase-root {
  display: block;
}

.css-1 {
  display: -webkit-inline-box;
  display: -webkit-inline-flex;
  display: -ms-inline-flexbox;
  display: inline-flex;
  -webkit-align-items: center;
  -webkit-box-align: center;
  -ms-flex-align: center;
  align-items: center;
  -webkit-box-pack: center;
  -ms-flex-pack: center;
  -webkit-justify-content: center;
  justify-content: center;
  position: relative;
  box-sizing: border-box;
  -webkit-tap-highlight-color: transparent;
  background-color: transparent;
  outline: 0;
  border: 0;
  margin: 0;
  border-radius: 0;
  padding: 0;
  cursor: pointer;
  -webkit-user-select: none;
  -moz-user-select: none;
  -ms-user-select: none;
  user-select: none;
  vertical-align: middle;
  -moz-appearance: none;
  -webkit-appearance: none;
  -webkit-text-decoration: none;
  text-decoration: none;
  color: inherit;
  display: block;
  text-align: inherit;
  width: 100%;
}

.css-1::-moz-focus-inner {
  border-style: none;
}

.css-1.Mui-disabled {
  pointer-events: none;
  cursor: default;
}

@media print {
  .css-1 {
    -webkit-print-color-adjust: exact;
    color-adjust: exact;
  }
}

.css-1:hover .MuiCardActionArea-focusHighlight {
  opacity: 0.04;
}

@media (hover: none) {
  .css-1:hover .MuiCardActionArea-focusHighlight {
    opacity: 0;
  }
}

.css-1.Mui-focusVisible .MuiCardActionArea-focusHighlight {
  opacity: 0.12;
}

.css-2 {
  display: block;
  -webkit-background-size: cover;
  background-size: cover;
  background-repeat: no-repeat;
  -webkit-background-position: center;
  background-position: center;
  width: 100%;
  object-fit: cover;
}

.css-3 {
  padding: 16px;
}

.css-3:last-child {
  padding-bottom: 24px;
}

.css-4 {
  display: -webkit-box;
  display: -webkit-flex;
  display: -ms-flexbox;
  display: flex;
  -webkit-flex-direction: row;
  -ms-flex-direction: row;
  flex-direction: row;
  margin-bottom: 16px;
}

.css-4>:not(style)+:not(style) {
  margin: 0;
  margin-left: 16px;
}

.css-5 {
  position: relative;
  display: -webkit-box;
  display: -webkit-flex;
  display: -ms-flexbox;
  display: flex;
  -webkit-align-items: center;
  -webkit-box-align: center;
  -ms-flex-align: center;
  align-items: center;
  -webkit-box-pack: center;
  -ms-flex-pack: center;
  -webkit-justify-content: center;
  justify-content: center;
  -webkit-flex-shrink: 0;
  -ms-flex-negative: 0;
  flex-shrink: 0;
  width: 40px;
  height: 40px;
  font-family: "Roboto","Helvetica","Arial",sans-serif;
  font-size: 1.25rem;
  line-height: 1;
  border-radius: 50%;
  overflow: hidden;
  -webkit-user-select: none;
  -moz-user-select: none;
  -ms-user-select: none;
  user-select: none;
  color: #fff;
  background-color: #bdbdbd;
}

.css-6 {
  -webkit-user-select: none;
  -moz-user-select: none;
  -ms-user-select: none;
  user-select: none;
  width: 1em;
  height: 1em;
  display: inline-block;
  fill: currentColor;
  -webkit-flex-shrink: 0;
  -ms-flex-negative: 0;
  flex-shrink: 0;
  -webkit-transition: fill 200ms cubic-bezier(0.4, 0, 0.2, 1) 0ms;
  transition: fill 200ms cubic-bezier(0.4, 0, 0.2, 1) 0ms;
  font-size: 1.5rem;
  width: 75%;
  height: 75%;
}

.css-7 {
  display: -webkit-box;
  display: -webkit-flex;
  display: -ms-flexbox;
  display: flex;
  -webkit-flex-direction: column;
  -ms-flex-direction: column;
  flex-direction: column;
}

.css-8 {
  margin: 0;
  font-family: "Roboto","Helvetica","Arial",sans-serif;
  font-weight: 400;
  font-size: 1rem;
  line-height: 1.5;
  letter-spacing: 0.00938em;
  margin-top: -5.6px;
}

.css-9 {
  margin: 0;
  font-family: "Roboto","Helvetica","Arial",sans-serif;
  font-weight: 400;
  font-size: 0.875rem;
  line-height: 1.43;
  letter-spacing: 0.01071em;
}

.css-10 {
  margin: 0;
  font-family: "Roboto","Helvetica","Arial",sans-serif;
  font-weight: 400;
  font-size: 0.875rem;
  line-height: 1.43;
  letter-spacing: 0.01071em;
}

.css-11 {
  overflow: hidden;
  pointer-events: none;
  position: absolute;
  top: 0;
  right: 0;
  bottom: 0;
  left: 0;
  border-radius: inherit;
  opacity: 0;
  background-color: currentcolor;
  -webkit-transition: opacity 250ms cubic-bezier(0.4, 0, 0.2, 1) 0ms;
  transition: opacity 250ms cubic-bezier(0.4, 0, 0.2, 1) 0ms;
}

.css-12 {
  overflow: hidden;
  pointer-events: none;
  position: absolute;
  z-index: 0;
  top: 0;
  right: 0;
  bottom: 0;
  left: 0;
  border-radius: inherit;
}

.css-13 {
  display: -webkit-box;
  display: -webkit-flex;
  display: -ms-flexbox;
  display: flex;
  -webkit-align-items: center;
  -webkit-box-align: center;
  -ms-flex-align: center;
  align-items: center;
  padding: 8px;
}

.css-13>:not(:first-of-type) {
  margin-left: 8px;
}

.css-15 {
  margin: 0;
  color: #1976d2;
  -webkit-text-decoration: underline;
  text-decoration: underline;
  text-decoration-color: rgba(25, 118, 210, 0.4);
  cursor: pointer;
}

.css-15:hover {
  text-decoration-color: inherit;
}

.css-16 {
  -webkit-user-select: none;
  -moz-user-select: none;
  -ms-user-select: none;
  user-select: none;
  width: 1em;
  height: 1em;
  display: inline-block;
  fill: currentColor;
  -webkit-flex-shrink: 0;
  -ms-flex-negative: 0;
  flex-shrink: 0;
  -webkit-transition: fill 200ms cubic-bezier(0.4, 0, 0.2, 1) 0ms;
  transition: fill 200ms cubic-bezier(0.4, 0, 0.2, 1) 0ms;
  font-size: 1.5rem;
}

<div>
    <div
      class="MuiPaper-root MuiPaper-elevation MuiPaper-rounded MuiPaper-elevation1 MuiCard-root css-14"
    >
      <button
        class="MuiButtonBase-root MuiCardActionArea-root css-1"
        tabindex="0"
        type="button"
      >
        <img
          alt="shy-cloud-4965 cover photo"
          class="MuiCardMedia-root MuiCardMedia-media MuiCardMedia-img css-2"
          height="80"
          src="https://my.sosol.app/default-cover.png"
        />
        <div
          class="MuiCardContent-root css-3"
        >
          <div
            class="css-4"
          >
            <div
              class="MuiAvatar-root MuiAvatar-circular MuiAvatar-colorDefault css-5"
            >
              <svg
                aria-hidden="true"
                class="MuiSvgIcon-root MuiSvgIcon-fontSizeMedium MuiAvatar-fallback css-6"
                data-testid="PersonIcon"
                focusable="false"
                viewBox="0 0 24 24"
              >
                <path
                  d="M12 12c2.21 0 4-1.79 4-4s-1.79-4-4-4-4 1.79-4 4 1.79 4 4 4zm0 2c-2.67 0-8 1.34-8 4v2h16v-2c0-2.66-5.33-4-8-4z"
                />
              </svg>
            </div>
            <div
              class="css-7"
            >
              <div
                class="MuiTypography-root MuiTypography-body1 css-8"
                nowrap="true"
              >
                shy-cloud-4965
              </div>
              <div
                class="MuiTypography-root MuiTypography-body2 css-9"
                nowrap="true"
              >
                @
                shy-cloud-4965
              </div>
            </div>
          </div>
          <p
            class="MuiTypography-root MuiTypography-body2 css-10"
          >
            full stack developer
          </p>
        </div>
        <span
          class="MuiCardActionArea-focusHighlight css-11"
        />
        <span
          class="MuiTouchRipple-root css-12"
        />
      </button>
      <div
        class="MuiCardActions-root MuiCardActions-spacing css-13"
      >
        <div
          class="MuiBox-root css-14"
        >
          <a
            class="MuiTypography-root MuiTypography-inherit MuiLink-root MuiLink-underlineAlways css-15"
          >
            <svg
              aria-hidden="true"
              class="MuiSvgIcon-root MuiSvgIcon-fontSizeMedium css-16"
              data-testid="PersonAddIcon"
              focusable="false"
              viewBox="0 0 24 24"
            >
              <path
                d="M15 12c2.21 0 4-1.79 4-4s-1.79-4-4-4-4 1.79-4 4 1.79 4 4 4zm-9-2V7H4v3H1v2h3v3h2v-3h3v-2H6zm9 4c-2.67 0-8 1.34-8 4v2h16v-2c0-2.66-5.33-4-8-4z"
              />
            </svg>
          </a>
        </div>
      </div>
    </div>
  </div>,
  "debug": [Function],
  "findAllByAltText": [Function],
  "findAllByDisplayValue": [Function],
  "findAllByLabelText": [Function],
  "findAllByPlaceholderText": [Function],
  "findAllByRole": [Function],
  "findAllByTestId": [Function],
  "findAllByText": [Function],
  "findAllByTitle": [Function],
  "findByAltText": [Function],
  "findByDisplayValue": [Function],
  "findByLabelText": [Function],
  "findByPlaceholderText": [Function],
  "findByRole": [Function],
  "findByTestId": [Function],
  "findByText": [Function],
  "findByTitle": [Function],
  "getAllByAltText": [Function],
  "getAllByDisplayValue": [Function],
  "getAllByLabelText": [Function],
  "getAllByPlaceholderText": [Function],
  "getAllByRole": [Function],
  "getAllByTestId": [Function],
  "getAllByText": [Function],
  "getAllByTitle": [Function],
  "getByAltText": [Function],
  "getByDisplayValue": [Function],
  "getByLabelText": [Function],
  "getByPlaceholderText": [Function],
  "getByRole": [Function],
  "getByTestId": [Function],
  "getByText": [Function],
  "getByTitle": [Function],
  "queryAllByAltText": [Function],
  "queryAllByDisplayValue": [Function],
  "queryAllByLabelText": [Function],
  "queryAllByPlaceholderText": [Function],
  "queryAllByRole": [Function],
  "queryAllByTestId": [Function],
  "queryAllByText": [Function],
  "queryAllByTitle": [Function],
  "queryByAltText": [Function],
  "queryByDisplayValue": [Function],
  "queryByLabelText": [Function],
  "queryByPlaceholderText": [Function],
  "queryByRole": [Function],
  "queryByTestId": [Function],
  "queryByText": [Function],
  "queryByTitle": [Function],
  "rerender": [Function],
  "unmount": [Function],
}
`;
