// Jest Snapshot v1, https://goo.gl/fbAQLP

exports[`Display <EditProfileForm/> component 1`] = `
Object {
  "asFragment": [Function],
  "baseElement": .css-0 {
  width: 98%;
  border: none;
  padding: 2rem;
  border-radius: none;
}

.css-0 span {
  text-align: center;
  display: block;
  margin-bottom: 0.5rem;
}

.css-0 .group-input {
  display: -webkit-box;
  display: -webkit-flex;
  display: -ms-flexbox;
  display: flex;
  -webkit-box-pack: justify;
  -webkit-justify-content: space-between;
  justify-content: space-between;
}

.css-0 .group-input div:nth-of-type(1) {
  margin-right: 1rem;
}

@media screen and (max-width: 400px) {
  .css-0 {
    width: 360px;
  }
}

.css-1 {
  height: 200px;
  width: 100%;
  object-fit: cover;
}

.css-2 {
  position: relative;
  display: -webkit-box;
  display: -webkit-flex;
  display: -ms-flexbox;
  display: flex;
  -webkit-align-items: center;
  -webkit-box-align: center;
  -ms-flex-align: center;
  align-items: center;
  -webkit-box-pack: center;
  -ms-flex-pack: center;
  -webkit-justify-content: center;
  justify-content: center;
  -webkit-flex-shrink: 0;
  -ms-flex-negative: 0;
  flex-shrink: 0;
  width: 40px;
  height: 40px;
  font-family: "Roboto","Helvetica","Arial",sans-serif;
  font-size: 1.25rem;
  line-height: 1;
  border-radius: 50%;
  overflow: hidden;
  -webkit-user-select: none;
  -moz-user-select: none;
  -ms-user-select: none;
  user-select: none;
  color: #fff;
  background-color: #bdbdbd;
}

.css-3 {
  -webkit-user-select: none;
  -moz-user-select: none;
  -ms-user-select: none;
  user-select: none;
  width: 1em;
  height: 1em;
  display: inline-block;
  fill: currentColor;
  -webkit-flex-shrink: 0;
  -ms-flex-negative: 0;
  flex-shrink: 0;
  -webkit-transition: fill 200ms cubic-bezier(0.4, 0, 0.2, 1) 0ms;
  transition: fill 200ms cubic-bezier(0.4, 0, 0.2, 1) 0ms;
  font-size: 1.5rem;
  width: 75%;
  height: 75%;
}

.css-4 {
  width: 315px;
  background: undefined;
  padding: 0.2rem 0.4rem;
  display: -webkit-box;
  display: -webkit-flex;
  display: -ms-flexbox;
  display: flex;
  -webkit-flex-direction: column;
  -ms-flex-direction: column;
  flex-direction: column;
  -webkit-box-pack: justify;
  -webkit-justify-content: space-between;
  justify-content: space-between;
  border-bottom: 1px solid undefined;
  margin-bottom: 2rem;
}

.css-4 input {
  width: 100%;
  padding: 0.5rem;
  background: inherit;
  border: none;
  font-size: 1rem;
}

.css-4 label {
  margin-bottom: 2px;
}

.css-4 label.fullWidth {
  width: 100%;
}

.css-4 label.hideLabel {
  border: 0;
  clip: rect(0 0 0 0);
  height: 1px;
  margin: -1px;
  overflow: hidden;
  padding: 0;
  position: absolute;
  width: 1px;
}

.css-9 {
  padding: 0.4rem 1.8rem;
  background: inherit;
  border: 1px solid undefined;
  border-radius: 50px;
  font-size: 1rem;
  letter-spacing: 1px;
  text-transform: uppercase;
  cursor: pointer;
  margin-bottom: 0.5rem;
}

@media screen and (max-width: 530px) {
  .css-9 {
    font-size: 0.8rem;
  }
}

<body>
    <div>
      <form
        class="css-0"
        lg="true"
      >
        <div
          class="cover-photo"
        >
          <label
            for="cover-photo-input"
          >
            <img
              alt="cover"
              class="css-1"
              src="/default-cover.png"
            />
          </label>
          <input
            accept="image/*"
            id="cover-photo-input"
            type="file"
          />
        </div>
        <div
          class="avatar-input"
        >
          <label
            for="avatar-input-file"
          >
            <div
              class="MuiAvatar-root MuiAvatar-circular MuiAvatar-colorDefault css-2"
            >
              <svg
                aria-hidden="true"
                class="MuiSvgIcon-root MuiSvgIcon-fontSizeMedium MuiAvatar-fallback css-3"
                data-testid="PersonIcon"
                focusable="false"
                viewBox="0 0 24 24"
              >
                <path
                  d="M12 12c2.21 0 4-1.79 4-4s-1.79-4-4-4-4 1.79-4 4 1.79 4 4 4zm0 2c-2.67 0-8 1.34-8 4v2h16v-2c0-2.66-5.33-4-8-4z"
                />
              </svg>
            </div>
          </label>
          <input
            accept="image/*"
            id="avatar-input-file"
            type="file"
          />
        </div>
        <div
          class="css-4"
          lg="true"
        >
          <label
            class=""
          >
            Handle
          </label>
          <input
            autocomplete="new-password"
            type="text"
            value="shy-cloud-4965"
          />
        </div>
        <div
          class="css-4"
          lg="true"
        >
          <label
            class=""
          >
            Name
          </label>
          <input
            autocomplete="new-password"
            type="text"
            value="shy-cloud-4965"
          />
        </div>
        <div
          class="bio-wrapper"
        >
          <label
            class="bio"
            for="bio"
          >
            Bio
          </label>
          <textarea
            id="bio"
            placeholder="Bio"
            rows="1"
            style="height: 0px; overflow: hidden;"
          >
            full stack developer
          </textarea>
          <textarea
            aria-hidden="true"
            readonly=""
            style="visibility: hidden; position: absolute; overflow: hidden; height: 0px; top: 0px; left: 0px; transform: translateZ(0); padding: 0px;"
            tabindex="-1"
          />
        </div>
        <div
          class="css-4"
          lg="true"
        >
          <label
            class=""
          >
            Website
          </label>
          <input
            autocomplete="new-password"
            type="text"
            value=""
          />
        </div>
        <div
          class="css-4"
          lg="true"
        >
          <label
            class=""
          >
            Date of Birth
          </label>
          <input
            autocomplete="new-password"
            type="text"
            value=""
          />
        </div>
        <div
          class="css-4"
          lg="true"
        >
          <label
            class=""
          >
            Location
          </label>
          <input
            autocomplete="new-password"
            type="text"
            value=""
          />
        </div>
        <button
          class="css-9"
          outline="true"
          type="submit"
        >
          Save
        </button>
      </form>
    </div>
  </body>,
  "container": .css-0 {
  width: 98%;
  border: none;
  padding: 2rem;
  border-radius: none;
}

.css-0 span {
  text-align: center;
  display: block;
  margin-bottom: 0.5rem;
}

.css-0 .group-input {
  display: -webkit-box;
  display: -webkit-flex;
  display: -ms-flexbox;
  display: flex;
  -webkit-box-pack: justify;
  -webkit-justify-content: space-between;
  justify-content: space-between;
}

.css-0 .group-input div:nth-of-type(1) {
  margin-right: 1rem;
}

@media screen and (max-width: 400px) {
  .css-0 {
    width: 360px;
  }
}

.css-1 {
  height: 200px;
  width: 100%;
  object-fit: cover;
}

.css-2 {
  position: relative;
  display: -webkit-box;
  display: -webkit-flex;
  display: -ms-flexbox;
  display: flex;
  -webkit-align-items: center;
  -webkit-box-align: center;
  -ms-flex-align: center;
  align-items: center;
  -webkit-box-pack: center;
  -ms-flex-pack: center;
  -webkit-justify-content: center;
  justify-content: center;
  -webkit-flex-shrink: 0;
  -ms-flex-negative: 0;
  flex-shrink: 0;
  width: 40px;
  height: 40px;
  font-family: "Roboto","Helvetica","Arial",sans-serif;
  font-size: 1.25rem;
  line-height: 1;
  border-radius: 50%;
  overflow: hidden;
  -webkit-user-select: none;
  -moz-user-select: none;
  -ms-user-select: none;
  user-select: none;
  color: #fff;
  background-color: #bdbdbd;
}

.css-3 {
  -webkit-user-select: none;
  -moz-user-select: none;
  -ms-user-select: none;
  user-select: none;
  width: 1em;
  height: 1em;
  display: inline-block;
  fill: currentColor;
  -webkit-flex-shrink: 0;
  -ms-flex-negative: 0;
  flex-shrink: 0;
  -webkit-transition: fill 200ms cubic-bezier(0.4, 0, 0.2, 1) 0ms;
  transition: fill 200ms cubic-bezier(0.4, 0, 0.2, 1) 0ms;
  font-size: 1.5rem;
  width: 75%;
  height: 75%;
}

.css-4 {
  width: 315px;
  background: undefined;
  padding: 0.2rem 0.4rem;
  display: -webkit-box;
  display: -webkit-flex;
  display: -ms-flexbox;
  display: flex;
  -webkit-flex-direction: column;
  -ms-flex-direction: column;
  flex-direction: column;
  -webkit-box-pack: justify;
  -webkit-justify-content: space-between;
  justify-content: space-between;
  border-bottom: 1px solid undefined;
  margin-bottom: 2rem;
}

.css-4 input {
  width: 100%;
  padding: 0.5rem;
  background: inherit;
  border: none;
  font-size: 1rem;
}

.css-4 label {
  margin-bottom: 2px;
}

.css-4 label.fullWidth {
  width: 100%;
}

.css-4 label.hideLabel {
  border: 0;
  clip: rect(0 0 0 0);
  height: 1px;
  margin: -1px;
  overflow: hidden;
  padding: 0;
  position: absolute;
  width: 1px;
}

.css-9 {
  padding: 0.4rem 1.8rem;
  background: inherit;
  border: 1px solid undefined;
  border-radius: 50px;
  font-size: 1rem;
  letter-spacing: 1px;
  text-transform: uppercase;
  cursor: pointer;
  margin-bottom: 0.5rem;
}

@media screen and (max-width: 530px) {
  .css-9 {
    font-size: 0.8rem;
  }
}

<div>
    <form
      class="css-0"
      lg="true"
    >
      <div
        class="cover-photo"
      >
        <label
          for="cover-photo-input"
        >
          <img
            alt="cover"
            class="css-1"
            src="/default-cover.png"
          />
        </label>
        <input
          accept="image/*"
          id="cover-photo-input"
          type="file"
        />
      </div>
      <div
        class="avatar-input"
      >
        <label
          for="avatar-input-file"
        >
          <div
            class="MuiAvatar-root MuiAvatar-circular MuiAvatar-colorDefault css-2"
          >
            <svg
              aria-hidden="true"
              class="MuiSvgIcon-root MuiSvgIcon-fontSizeMedium MuiAvatar-fallback css-3"
              data-testid="PersonIcon"
              focusable="false"
              viewBox="0 0 24 24"
            >
              <path
                d="M12 12c2.21 0 4-1.79 4-4s-1.79-4-4-4-4 1.79-4 4 1.79 4 4 4zm0 2c-2.67 0-8 1.34-8 4v2h16v-2c0-2.66-5.33-4-8-4z"
              />
            </svg>
          </div>
        </label>
        <input
          accept="image/*"
          id="avatar-input-file"
          type="file"
        />
      </div>
      <div
        class="css-4"
        lg="true"
      >
        <label
          class=""
        >
          Handle
        </label>
        <input
          autocomplete="new-password"
          type="text"
          value="shy-cloud-4965"
        />
      </div>
      <div
        class="css-4"
        lg="true"
      >
        <label
          class=""
        >
          Name
        </label>
        <input
          autocomplete="new-password"
          type="text"
          value="shy-cloud-4965"
        />
      </div>
      <div
        class="bio-wrapper"
      >
        <label
          class="bio"
          for="bio"
        >
          Bio
        </label>
        <textarea
          id="bio"
          placeholder="Bio"
          rows="1"
          style="height: 0px; overflow: hidden;"
        >
          full stack developer
        </textarea>
        <textarea
          aria-hidden="true"
          readonly=""
          style="visibility: hidden; position: absolute; overflow: hidden; height: 0px; top: 0px; left: 0px; transform: translateZ(0); padding: 0px;"
          tabindex="-1"
        />
      </div>
      <div
        class="css-4"
        lg="true"
      >
        <label
          class=""
        >
          Website
        </label>
        <input
          autocomplete="new-password"
          type="text"
          value=""
        />
      </div>
      <div
        class="css-4"
        lg="true"
      >
        <label
          class=""
        >
          Date of Birth
        </label>
        <input
          autocomplete="new-password"
          type="text"
          value=""
        />
      </div>
      <div
        class="css-4"
        lg="true"
      >
        <label
          class=""
        >
          Location
        </label>
        <input
          autocomplete="new-password"
          type="text"
          value=""
        />
      </div>
      <button
        class="css-9"
        outline="true"
        type="submit"
      >
        Save
      </button>
    </form>
  </div>,
  "debug": [Function],
  "findAllByAltText": [Function],
  "findAllByDisplayValue": [Function],
  "findAllByLabelText": [Function],
  "findAllByPlaceholderText": [Function],
  "findAllByRole": [Function],
  "findAllByTestId": [Function],
  "findAllByText": [Function],
  "findAllByTitle": [Function],
  "findByAltText": [Function],
  "findByDisplayValue": [Function],
  "findByLabelText": [Function],
  "findByPlaceholderText": [Function],
  "findByRole": [Function],
  "findByTestId": [Function],
  "findByText": [Function],
  "findByTitle": [Function],
  "getAllByAltText": [Function],
  "getAllByDisplayValue": [Function],
  "getAllByLabelText": [Function],
  "getAllByPlaceholderText": [Function],
  "getAllByRole": [Function],
  "getAllByTestId": [Function],
  "getAllByText": [Function],
  "getAllByTitle": [Function],
  "getByAltText": [Function],
  "getByDisplayValue": [Function],
  "getByLabelText": [Function],
  "getByPlaceholderText": [Function],
  "getByRole": [Function],
  "getByTestId": [Function],
  "getByText": [Function],
  "getByTitle": [Function],
  "queryAllByAltText": [Function],
  "queryAllByDisplayValue": [Function],
  "queryAllByLabelText": [Function],
  "queryAllByPlaceholderText": [Function],
  "queryAllByRole": [Function],
  "queryAllByTestId": [Function],
  "queryAllByText": [Function],
  "queryAllByTitle": [Function],
  "queryByAltText": [Function],
  "queryByDisplayValue": [Function],
  "queryByLabelText": [Function],
  "queryByPlaceholderText": [Function],
  "queryByRole": [Function],
  "queryByTestId": [Function],
  "queryByText": [Function],
  "queryByTitle": [Function],
  "rerender": [Function],
  "unmount": [Function],
}
`;
