// Jest Snapshot v1, https://goo.gl/fbAQLP

exports[`user profile :  doesn't exist 1`] = `null`;
