// Jest Snapshot v1, https://goo.gl/fbAQLP

exports[`NFT Gallery  1`] = `
Object {
  "asFragment": [Function],
  "baseElement": <body>
    <div>
      <div
        class="MuiBox-root css-uz95m6"
      >
        <p
          class="MuiTypography-root MuiTypography-body1 css-ahj2mt-MuiTypography-root"
        >
          No NFTs in your wallet
        </p>
      </div>
      <div
        class="makeStyles-bottom-4 makeStyles-left-5 makeStyles-root-1"
      >
        <div
          class="MuiCollapse-root MuiCollapse-entered"
          style="min-height: 0px;"
        >
          <div
            class="MuiCollapse-wrapper"
          >
            <div
              class="MuiCollapse-wrapperInner"
            >
              <div
                class="SnackbarItem-root-8 SnackbarItem-wrappedRoot-23 SnackbarItem-anchorOriginBottomLeft-14"
              >
                <div
                  aria-describedby="notistack-snackbar"
                  class="ForwardRef-root-24 SnackbarItem-contentRoot-15 SnackbarItem-variantError-18 SnackbarItem-lessPadding-16"
                  role="alert"
                  style="webkit-transform: none; transform: none; webkit-transition: -webkit-transform 225ms cubic-bezier(0.0, 0, 0.2, 1) 0ms; transition: transform 225ms cubic-bezier(0.0, 0, 0.2, 1) 0ms;"
                >
                  <div
                    class="SnackbarItem-message-21"
                    id="notistack-snackbar"
                  >
                    <svg
                      aria-hidden="true"
                      class="MuiSvgIcon-root"
                      focusable="false"
                      style="font-size: 20px; margin-inline-end: 8px;"
                      viewBox="0 0 24 24"
                    >
                      <path
                        d="M12,2C17.53,2 22,6.47 22,12C22,17.53 17.53,22 12,22C6.47,22 2,17.53 2,12C2,
        6.47 6.47,2 12,2M15.59,7L12,10.59L8.41,7L7,8.41L10.59,12L7,15.59L8.41,17L12,
        13.41L15.59,17L17,15.59L13.41,12L17,8.41L15.59,7Z"
                      />
                    </svg>
                    Cannot read property 'getTokenAccountsByOwner' of undefined
                  </div>
                </div>
              </div>
            </div>
          </div>
        </div>
      </div>
    </div>
  </body>,
  "container": <div>
    <div
      class="MuiBox-root css-uz95m6"
    >
      <p
        class="MuiTypography-root MuiTypography-body1 css-ahj2mt-MuiTypography-root"
      >
        No NFTs in your wallet
      </p>
    </div>
    <div
      class="makeStyles-bottom-4 makeStyles-left-5 makeStyles-root-1"
    >
      <div
        class="MuiCollapse-root MuiCollapse-entered"
        style="min-height: 0px;"
      >
        <div
          class="MuiCollapse-wrapper"
        >
          <div
            class="MuiCollapse-wrapperInner"
          >
            <div
              class="SnackbarItem-root-8 SnackbarItem-wrappedRoot-23 SnackbarItem-anchorOriginBottomLeft-14"
            >
              <div
                aria-describedby="notistack-snackbar"
                class="ForwardRef-root-24 SnackbarItem-contentRoot-15 SnackbarItem-variantError-18 SnackbarItem-lessPadding-16"
                role="alert"
                style="webkit-transform: none; transform: none; webkit-transition: -webkit-transform 225ms cubic-bezier(0.0, 0, 0.2, 1) 0ms; transition: transform 225ms cubic-bezier(0.0, 0, 0.2, 1) 0ms;"
              >
                <div
                  class="SnackbarItem-message-21"
                  id="notistack-snackbar"
                >
                  <svg
                    aria-hidden="true"
                    class="MuiSvgIcon-root"
                    focusable="false"
                    style="font-size: 20px; margin-inline-end: 8px;"
                    viewBox="0 0 24 24"
                  >
                    <path
                      d="M12,2C17.53,2 22,6.47 22,12C22,17.53 17.53,22 12,22C6.47,22 2,17.53 2,12C2,
        6.47 6.47,2 12,2M15.59,7L12,10.59L8.41,7L7,8.41L10.59,12L7,15.59L8.41,17L12,
        13.41L15.59,17L17,15.59L13.41,12L17,8.41L15.59,7Z"
                    />
                  </svg>
                  Cannot read property 'getTokenAccountsByOwner' of undefined
                </div>
              </div>
            </div>
          </div>
        </div>
      </div>
    </div>
  </div>,
  "debug": [Function],
  "findAllByAltText": [Function],
  "findAllByDisplayValue": [Function],
  "findAllByLabelText": [Function],
  "findAllByPlaceholderText": [Function],
  "findAllByRole": [Function],
  "findAllByTestId": [Function],
  "findAllByText": [Function],
  "findAllByTitle": [Function],
  "findByAltText": [Function],
  "findByDisplayValue": [Function],
  "findByLabelText": [Function],
  "findByPlaceholderText": [Function],
  "findByRole": [Function],
  "findByTestId": [Function],
  "findByText": [Function],
  "findByTitle": [Function],
  "getAllByAltText": [Function],
  "getAllByDisplayValue": [Function],
  "getAllByLabelText": [Function],
  "getAllByPlaceholderText": [Function],
  "getAllByRole": [Function],
  "getAllByTestId": [Function],
  "getAllByText": [Function],
  "getAllByTitle": [Function],
  "getByAltText": [Function],
  "getByDisplayValue": [Function],
  "getByLabelText": [Function],
  "getByPlaceholderText": [Function],
  "getByRole": [Function],
  "getByTestId": [Function],
  "getByText": [Function],
  "getByTitle": [Function],
  "queryAllByAltText": [Function],
  "queryAllByDisplayValue": [Function],
  "queryAllByLabelText": [Function],
  "queryAllByPlaceholderText": [Function],
  "queryAllByRole": [Function],
  "queryAllByTestId": [Function],
  "queryAllByText": [Function],
  "queryAllByTitle": [Function],
  "queryByAltText": [Function],
  "queryByDisplayValue": [Function],
  "queryByLabelText": [Function],
  "queryByPlaceholderText": [Function],
  "queryByRole": [Function],
  "queryByTestId": [Function],
  "queryByText": [Function],
  "queryByTitle": [Function],
  "rerender": [Function],
  "unmount": [Function],
}
`;
